org.graalvm.polyglot.PolyglotException: ReferenceError: unknown is not defined