[ { "_id": <ObjectID>, "a": 1 } ]
java.lang.IllegalArgumentException: 'unknown' is not a valid readConcernLevel